C251 COMPILER V5.60.0,  LQ_PID                                                             17/07/23  20:21:51  PAGE 1   


C251 COMPILER V5.60.0, COMPILATION OF MODULE LQ_PID
OBJECT MODULE PLACED IN .\Out_File\LQ_PID.obj
COMPILER INVOKED BY: E:\keil5\C251\BIN\C251.EXE ..\CODE\LQ_PID.c XSMALL INTR2 WARNINGLEVEL(3) OPTIMIZE(0,SPEED) BROWSE I
                    -NCDIR(..\..\Libraries\libraries;..\..\Libraries\seekfree_libraries;..\..\Libraries\seekfree_peripheral;..\CODE;..\USER\i
                    -nc;..\USER\src) DEBUG PRINT(.\Out_File\LQ_PID.lst) TABS(2) OBJECT(.\Out_File\LQ_PID.obj) 

stmt  level    source

    1          /*LLLLLLLLLLLLLLLLLLLLLLLLLLLLLLLLLLLLLLLLLLLLLLLLLLLLLLLLLLLLLL
    2          【平    台】北京龙邱智能科技TC264DA核心板
    3          【编    写】chiusir
    4          【E-mail  】chiusir@163.com
    5          【软件版本】V1.0
    6          【最后更新】2020年4月10日
    7          【相关信息参考下列地址】
    8          【网    站】http://www.lqist.cn
    9          【淘宝店铺】http://longqiu.taobao.com
   10          ------------------------------------------------
   11          【dev.env.】Hightec4.9.3/Tasking6.3及以上版本
   12          【Target 】 TC264DA
   13          【Crystal】 20.000Mhz
   14          【SYS PLL】 200MHz
   15          基于iLLD_1_0_1_11_0底层程序
   16          QQQQQQQQQQQQQQQQQQQQQQQQQQQQQQQQQQQQQQQQQQQQQQQQQQQQQQQQQQQQQQQ*/
   17          
   18          #include "LQ_PID.h"
   19          #include "element.h"
   20          /*************************************************************************
   21           *  函数名称：float constrain_float(float amt, float low, float high)
   22           *  功能说明：限幅函数
   23           *  参数说明：
   24            * @param    amt   ： 参数
   25            * @param    low   ： 最低值
   26            * @param    high  ： 最高值
   27           *  函数返回：无
   28           *  修改时间：2020年4月1日
   29           *  备    注：
   30           *************************************************************************/
   31          
   32          extern int8 start_judge;
   33           
   34          float constrain_float(float amt, float low, float high)
   35          {
   36   1        return ((amt)<(low)?(low):((amt)>(high)?(high):(amt)));
   37   1      }
   38          
   39          // pid参数初始化函数
   40          void PidInit(pid_param_t * pid)
   41          {
   42   1        pid->kp        = 0;
   43   1        pid->ki        = 0;
   44   1        pid->kd        = 0;
   45   1        pid->imax      = 0;
   46   1        pid->out_p     = 0;
   47   1        pid->out_i     = 0;
   48   1        pid->out_d     = 0;
   49   1        pid->out       = 0;
   50   1        pid->integrator= 0;
   51   1        pid->last_error= 0;
   52   1        pid->last_derivative   = 0;
   53   1        pid->last_t    = 0;
   54   1      }
   55          
   56          /*************************************************************************
   57           *  函数名称：float constrain_float(float amt, float low, float high)
C251 COMPILER V5.60.0,  LQ_PID                                                             17/07/23  20:21:51  PAGE 2   

   58           *  功能说明：pid位置式控制器输出
   59           *  参数说明：
   60            * @param    pid     pid参数
   61            * @param    error   pid输入误差
   62           *  函数返回：PID输出结果
   63           *  修改时间：2020年4月1日
   64           *  备    注：
   65           *************************************************************************/
   66          float PidLocCtrl(pid_param_t * pid, float error)
   67          {
   68   1        /* 累积误差 */
   69   1        pid->integrator += error;
   70   1      
   71   1        /* 误差限幅 */
   72   1        constrain_float(pid->integrator, -pid->imax, pid->imax);
   73   1      
   74   1      
   75   1        pid->out_p = pid->kp * error;
   76   1        pid->out_i = pid->ki * pid->integrator;
   77   1        pid->out_d = pid->kd * (error - pid->last_error);
   78   1      
   79   1        pid->last_error = error;
   80   1      
   81   1        pid->out = pid->out_p + pid->out_i + pid->out_d;
   82   1      
   83   1        return pid->out;
   84   1      }
   85          /*************************************************************************
   86           *  函数名称：float constrain_float(float amt, float low, float high)
   87           *  功能说明：pid增量式控制器输出
   88           *  参数说明：
   89            * @param    pid     pid参数
   90            * @param    error   pid输入误差
   91           *  函数返回：PID输出结果   注意输出结果已经包涵了上次结果
   92           *  修改时间：2020年4月1日
   93           *  备    注：
   94           *************************************************************************/
   95          float PidIncCtrl(pid_param_t * pid, float error)
   96          {
   97   1        pid->out_p = pid->kp * (error - pid->last_error);
   98   1        pid->out_i = pid->ki * error;
   99   1        pid->out_d = pid->kd * ((error - pid->last_error) - pid->last_derivative);
  100   1      
  101   1        pid->last_derivative = error - pid->last_error;
  102   1        pid->last_error = error;
  103   1        
  104   1        pid->out += pid->out_p + pid->out_i + pid->out_d;
  105   1        
  106   1        return pid->out;
  107   1      }
  108          


Module Information          Static   Overlayable
------------------------------------------------
  code size            =       926     ------
  ecode size           =    ------     ------
  data size            =    ------     ------
  idata size           =    ------     ------
  pdata size           =    ------     ------
  xdata size           =    ------     ------
  xdata-const size     =    ------     ------
  edata size           =        32     ------
  bit size             =    ------     ------
  ebit size            =    ------     ------
  bitaddressable size  =    ------     ------
  ebitaddressable size =    ------     ------
C251 COMPILER V5.60.0,  LQ_PID                                                             17/07/23  20:21:51  PAGE 3   

  far data size        =    ------     ------
  huge data size       =    ------     ------
  const size           =    ------     ------
  hconst size          =    ------     ------
End of Module Information.


C251 COMPILATION COMPLETE.  0 WARNING(S),  0 ERROR(S)
